// Jest Snapshot v1, https://goo.gl/fbAQLP

exports[`When unconnected EliminationPage first renders EliminationPage renders as expected 1`] = `
ShallowWrapper {
  Symbol(enzyme.__root__): [Circular],
  Symbol(enzyme.__unrendered__): <EliminationPage
    characters={
      Array [
        Object {
          "isEliminated": Object {
            "check": true,
          },
        },
        Object {
          "isEliminated": Object {
            "check": false,
          },
        },
        Object {
          "isEliminated": Object {
            "check": false,
          },
        },
        Object {
          "isEliminated": Object {
            "check": false,
          },
        },
        Object {
          "isEliminated": Object {
            "check": false,
          },
        },
        Object {
          "isEliminated": Object {
            "check": false,
          },
        },
        Object {
          "isEliminated": Object {
            "check": false,
          },
        },
        Object {
          "isEliminated": Object {
            "check": false,
          },
        },
      ]
    }
  />,
  Symbol(enzyme.__renderer__): Object {
    "batchedUpdates": [Function],
    "getNode": [Function],
    "render": [Function],
    "simulateError": [Function],
    "simulateEvent": [Function],
    "unmount": [Function],
  },
  Symbol(enzyme.__node__): Object {
    "instance": null,
    "key": undefined,
    "nodeType": "function",
    "props": Object {
      "children": Array [
        <main>
          <h1>
            ELIMINATED!!
          </h1>
          <div>
            <CharacterArray
              characters={
                Array [
                  Object {
                    "isEliminated": Object {
                      "check": true,
                    },
                  },
                  Object {
                    "isEliminated": Object {
                      "check": false,
                    },
                  },
                  Object {
                    "isEliminated": Object {
                      "check": false,
                    },
                  },
                  Object {
                    "isEliminated": Object {
                      "check": false,
                    },
                  },
                  Object {
                    "isEliminated": Object {
                      "check": false,
                    },
                  },
                  Object {
                    "isEliminated": Object {
                      "check": false,
                    },
                  },
                  Object {
                    "isEliminated": Object {
                      "check": false,
                    },
                  },
                  Object {
                    "isEliminated": Object {
                      "check": false,
                    },
                  },
                ]
              }
              loserSettings="ISOLATE_MOST_RECENT_LOSER"
            />
          </div>
          <Link
            replace={false}
            to="/elimination"
          >
            <submitButton
              id="EliminationPage__continueButton"
            >
              Eliminate another!
            </submitButton>
          </Link>
        </main>,
        <section>
          <h5>
            ~ The Other Losers ~
          </h5>
        </section>,
      ],
    },
    "ref": null,
    "rendered": Array [
      Object {
        "instance": null,
        "key": undefined,
        "nodeType": "host",
        "props": Object {
          "children": Array [
            <h1>
              ELIMINATED!!
            </h1>,
            <div>
              <CharacterArray
                characters={
                  Array [
                    Object {
                      "isEliminated": Object {
                        "check": true,
                      },
                    },
                    Object {
                      "isEliminated": Object {
                        "check": false,
                      },
                    },
                    Object {
                      "isEliminated": Object {
                        "check": false,
                      },
                    },
                    Object {
                      "isEliminated": Object {
                        "check": false,
                      },
                    },
                    Object {
                      "isEliminated": Object {
                        "check": false,
                      },
                    },
                    Object {
                      "isEliminated": Object {
                        "check": false,
                      },
                    },
                    Object {
                      "isEliminated": Object {
                        "check": false,
                      },
                    },
                    Object {
                      "isEliminated": Object {
                        "check": false,
                      },
                    },
                  ]
                }
                loserSettings="ISOLATE_MOST_RECENT_LOSER"
              />
            </div>,
            <Link
              replace={false}
              to="/elimination"
            >
              <submitButton
                id="EliminationPage__continueButton"
              >
                Eliminate another!
              </submitButton>
            </Link>,
          ],
          "className": undefined,
        },
        "ref": null,
        "rendered": Array [
          Object {
            "instance": null,
            "key": undefined,
            "nodeType": "host",
            "props": Object {
              "children": "ELIMINATED!!",
              "className": undefined,
            },
            "ref": null,
            "rendered": "ELIMINATED!!",
            "type": "h1",
          },
          Object {
            "instance": null,
            "key": undefined,
            "nodeType": "host",
            "props": Object {
              "children": <CharacterArray
                characters={
                  Array [
                    Object {
                      "isEliminated": Object {
                        "check": true,
                      },
                    },
                    Object {
                      "isEliminated": Object {
                        "check": false,
                      },
                    },
                    Object {
                      "isEliminated": Object {
                        "check": false,
                      },
                    },
                    Object {
                      "isEliminated": Object {
                        "check": false,
                      },
                    },
                    Object {
                      "isEliminated": Object {
                        "check": false,
                      },
                    },
                    Object {
                      "isEliminated": Object {
                        "check": false,
                      },
                    },
                    Object {
                      "isEliminated": Object {
                        "check": false,
                      },
                    },
                    Object {
                      "isEliminated": Object {
                        "check": false,
                      },
                    },
                  ]
                }
                loserSettings="ISOLATE_MOST_RECENT_LOSER"
              />,
              "className": undefined,
            },
            "ref": null,
            "rendered": Object {
              "instance": null,
              "key": undefined,
              "nodeType": "function",
              "props": Object {
                "characters": Array [
                  Object {
                    "isEliminated": Object {
                      "check": true,
                    },
                  },
                  Object {
                    "isEliminated": Object {
                      "check": false,
                    },
                  },
                  Object {
                    "isEliminated": Object {
                      "check": false,
                    },
                  },
                  Object {
                    "isEliminated": Object {
                      "check": false,
                    },
                  },
                  Object {
                    "isEliminated": Object {
                      "check": false,
                    },
                  },
                  Object {
                    "isEliminated": Object {
                      "check": false,
                    },
                  },
                  Object {
                    "isEliminated": Object {
                      "check": false,
                    },
                  },
                  Object {
                    "isEliminated": Object {
                      "check": false,
                    },
                  },
                ],
                "loserSettings": "ISOLATE_MOST_RECENT_LOSER",
              },
              "ref": null,
              "rendered": null,
              "type": [Function],
            },
            "type": "div",
          },
          Object {
            "instance": null,
            "key": undefined,
            "nodeType": "class",
            "props": Object {
              "children": <submitButton
                id="EliminationPage__continueButton"
              >
                Eliminate another!
              </submitButton>,
              "onClick": undefined,
              "replace": false,
              "to": "/elimination",
            },
            "ref": null,
            "rendered": Object {
              "instance": null,
              "key": undefined,
              "nodeType": "function",
              "props": Object {
                "children": "Eliminate another!",
                "id": "EliminationPage__continueButton",
              },
              "ref": null,
              "rendered": "Eliminate another!",
              "type": [Function],
            },
            "type": [Function],
          },
        ],
        "type": "main",
      },
      Object {
        "instance": null,
        "key": undefined,
        "nodeType": "host",
        "props": Object {
          "children": Array [
            <h5>
              ~ The Other Losers ~
            </h5>,
            null,
          ],
          "className": undefined,
        },
        "ref": null,
        "rendered": Array [
          Object {
            "instance": null,
            "key": undefined,
            "nodeType": "host",
            "props": Object {
              "children": "~ The Other Losers ~",
              "className": undefined,
            },
            "ref": null,
            "rendered": "~ The Other Losers ~",
            "type": "h5",
          },
          null,
        ],
        "type": "section",
      },
    ],
    "type": Symbol(react.fragment),
  },
  Symbol(enzyme.__nodes__): Array [
    Object {
      "instance": null,
      "key": undefined,
      "nodeType": "function",
      "props": Object {
        "children": Array [
          <main>
            <h1>
              ELIMINATED!!
            </h1>
            <div>
              <CharacterArray
                characters={
                  Array [
                    Object {
                      "isEliminated": Object {
                        "check": true,
                      },
                    },
                    Object {
                      "isEliminated": Object {
                        "check": false,
                      },
                    },
                    Object {
                      "isEliminated": Object {
                        "check": false,
                      },
                    },
                    Object {
                      "isEliminated": Object {
                        "check": false,
                      },
                    },
                    Object {
                      "isEliminated": Object {
                        "check": false,
                      },
                    },
                    Object {
                      "isEliminated": Object {
                        "check": false,
                      },
                    },
                    Object {
                      "isEliminated": Object {
                        "check": false,
                      },
                    },
                    Object {
                      "isEliminated": Object {
                        "check": false,
                      },
                    },
                  ]
                }
                loserSettings="ISOLATE_MOST_RECENT_LOSER"
              />
            </div>
            <Link
              replace={false}
              to="/elimination"
            >
              <submitButton
                id="EliminationPage__continueButton"
              >
                Eliminate another!
              </submitButton>
            </Link>
          </main>,
          <section>
            <h5>
              ~ The Other Losers ~
            </h5>
          </section>,
        ],
      },
      "ref": null,
      "rendered": Array [
        Object {
          "instance": null,
          "key": undefined,
          "nodeType": "host",
          "props": Object {
            "children": Array [
              <h1>
                ELIMINATED!!
              </h1>,
              <div>
                <CharacterArray
                  characters={
                    Array [
                      Object {
                        "isEliminated": Object {
                          "check": true,
                        },
                      },
                      Object {
                        "isEliminated": Object {
                          "check": false,
                        },
                      },
                      Object {
                        "isEliminated": Object {
                          "check": false,
                        },
                      },
                      Object {
                        "isEliminated": Object {
                          "check": false,
                        },
                      },
                      Object {
                        "isEliminated": Object {
                          "check": false,
                        },
                      },
                      Object {
                        "isEliminated": Object {
                          "check": false,
                        },
                      },
                      Object {
                        "isEliminated": Object {
                          "check": false,
                        },
                      },
                      Object {
                        "isEliminated": Object {
                          "check": false,
                        },
                      },
                    ]
                  }
                  loserSettings="ISOLATE_MOST_RECENT_LOSER"
                />
              </div>,
              <Link
                replace={false}
                to="/elimination"
              >
                <submitButton
                  id="EliminationPage__continueButton"
                >
                  Eliminate another!
                </submitButton>
              </Link>,
            ],
            "className": undefined,
          },
          "ref": null,
          "rendered": Array [
            Object {
              "instance": null,
              "key": undefined,
              "nodeType": "host",
              "props": Object {
                "children": "ELIMINATED!!",
                "className": undefined,
              },
              "ref": null,
              "rendered": "ELIMINATED!!",
              "type": "h1",
            },
            Object {
              "instance": null,
              "key": undefined,
              "nodeType": "host",
              "props": Object {
                "children": <CharacterArray
                  characters={
                    Array [
                      Object {
                        "isEliminated": Object {
                          "check": true,
                        },
                      },
                      Object {
                        "isEliminated": Object {
                          "check": false,
                        },
                      },
                      Object {
                        "isEliminated": Object {
                          "check": false,
                        },
                      },
                      Object {
                        "isEliminated": Object {
                          "check": false,
                        },
                      },
                      Object {
                        "isEliminated": Object {
                          "check": false,
                        },
                      },
                      Object {
                        "isEliminated": Object {
                          "check": false,
                        },
                      },
                      Object {
                        "isEliminated": Object {
                          "check": false,
                        },
                      },
                      Object {
                        "isEliminated": Object {
                          "check": false,
                        },
                      },
                    ]
                  }
                  loserSettings="ISOLATE_MOST_RECENT_LOSER"
                />,
                "className": undefined,
              },
              "ref": null,
              "rendered": Object {
                "instance": null,
                "key": undefined,
                "nodeType": "function",
                "props": Object {
                  "characters": Array [
                    Object {
                      "isEliminated": Object {
                        "check": true,
                      },
                    },
                    Object {
                      "isEliminated": Object {
                        "check": false,
                      },
                    },
                    Object {
                      "isEliminated": Object {
                        "check": false,
                      },
                    },
                    Object {
                      "isEliminated": Object {
                        "check": false,
                      },
                    },
                    Object {
                      "isEliminated": Object {
                        "check": false,
                      },
                    },
                    Object {
                      "isEliminated": Object {
                        "check": false,
                      },
                    },
                    Object {
                      "isEliminated": Object {
                        "check": false,
                      },
                    },
                    Object {
                      "isEliminated": Object {
                        "check": false,
                      },
                    },
                  ],
                  "loserSettings": "ISOLATE_MOST_RECENT_LOSER",
                },
                "ref": null,
                "rendered": null,
                "type": [Function],
              },
              "type": "div",
            },
            Object {
              "instance": null,
              "key": undefined,
              "nodeType": "class",
              "props": Object {
                "children": <submitButton
                  id="EliminationPage__continueButton"
                >
                  Eliminate another!
                </submitButton>,
                "onClick": undefined,
                "replace": false,
                "to": "/elimination",
              },
              "ref": null,
              "rendered": Object {
                "instance": null,
                "key": undefined,
                "nodeType": "function",
                "props": Object {
                  "children": "Eliminate another!",
                  "id": "EliminationPage__continueButton",
                },
                "ref": null,
                "rendered": "Eliminate another!",
                "type": [Function],
              },
              "type": [Function],
            },
          ],
          "type": "main",
        },
        Object {
          "instance": null,
          "key": undefined,
          "nodeType": "host",
          "props": Object {
            "children": Array [
              <h5>
                ~ The Other Losers ~
              </h5>,
              null,
            ],
            "className": undefined,
          },
          "ref": null,
          "rendered": Array [
            Object {
              "instance": null,
              "key": undefined,
              "nodeType": "host",
              "props": Object {
                "children": "~ The Other Losers ~",
                "className": undefined,
              },
              "ref": null,
              "rendered": "~ The Other Losers ~",
              "type": "h5",
            },
            null,
          ],
          "type": "section",
        },
      ],
      "type": Symbol(react.fragment),
    },
  ],
  Symbol(enzyme.__options__): Object {
    "adapter": ReactSixteenAdapter {
      "options": Object {
        "enableComponentDidUpdateOnSetState": true,
        "lifecycles": Object {
          "componentDidUpdate": Object {
            "onSetState": true,
          },
          "getDerivedStateFromProps": true,
          "getSnapshotBeforeUpdate": true,
          "setState": Object {
            "skipsComponentDidUpdateOnNullish": true,
          },
        },
      },
    },
    "disableLifecycleMethods": true,
  },
}
`;
