// Jest Snapshot v1, https://goo.gl/fbAQLP

exports[`Basic render tests for component renders as expected 1`] = `
ShallowWrapper {
  Symbol(enzyme.__root__): [Circular],
  Symbol(enzyme.__unrendered__): <Home />,
  Symbol(enzyme.__renderer__): Object {
    "batchedUpdates": [Function],
    "getNode": [Function],
    "render": [Function],
    "simulateError": [Function],
    "simulateEvent": [Function],
    "unmount": [Function],
  },
  Symbol(enzyme.__node__): Object {
    "instance": null,
    "key": undefined,
    "nodeType": "host",
    "props": Object {
      "children": <nav>
        <h3>
          How many judges are joining us...?
        </h3>
        <input
          onChange={[Function]}
          type="number"
        />
        <h3>
          This game is designed for TWO to FOUR players
        </h3>
      </nav>,
      "className": undefined,
    },
    "ref": null,
    "rendered": Object {
      "instance": null,
      "key": undefined,
      "nodeType": "host",
      "props": Object {
        "children": Array [
          <h3>
            How many judges are joining us...?
          </h3>,
          <input
            onChange={[Function]}
            type="number"
          />,
          <h3>
            This game is designed for TWO to FOUR players
          </h3>,
        ],
        "className": undefined,
      },
      "ref": null,
      "rendered": Array [
        Object {
          "instance": null,
          "key": undefined,
          "nodeType": "host",
          "props": Object {
            "children": "How many judges are joining us...?",
          },
          "ref": null,
          "rendered": "How many judges are joining us...?",
          "type": "h3",
        },
        Object {
          "instance": null,
          "key": undefined,
          "nodeType": "host",
          "props": Object {
            "onChange": [Function],
            "type": "number",
            "value": undefined,
          },
          "ref": null,
          "rendered": null,
          "type": "input",
        },
        Object {
          "instance": null,
          "key": undefined,
          "nodeType": "host",
          "props": Object {
            "children": "This game is designed for TWO to FOUR players",
          },
          "ref": null,
          "rendered": "This game is designed for TWO to FOUR players",
          "type": "h3",
        },
      ],
      "type": "nav",
    },
    "type": "div",
  },
  Symbol(enzyme.__nodes__): Array [
    Object {
      "instance": null,
      "key": undefined,
      "nodeType": "host",
      "props": Object {
        "children": <nav>
          <h3>
            How many judges are joining us...?
          </h3>
          <input
            onChange={[Function]}
            type="number"
          />
          <h3>
            This game is designed for TWO to FOUR players
          </h3>
        </nav>,
        "className": undefined,
      },
      "ref": null,
      "rendered": Object {
        "instance": null,
        "key": undefined,
        "nodeType": "host",
        "props": Object {
          "children": Array [
            <h3>
              How many judges are joining us...?
            </h3>,
            <input
              onChange={[Function]}
              type="number"
            />,
            <h3>
              This game is designed for TWO to FOUR players
            </h3>,
          ],
          "className": undefined,
        },
        "ref": null,
        "rendered": Array [
          Object {
            "instance": null,
            "key": undefined,
            "nodeType": "host",
            "props": Object {
              "children": "How many judges are joining us...?",
            },
            "ref": null,
            "rendered": "How many judges are joining us...?",
            "type": "h3",
          },
          Object {
            "instance": null,
            "key": undefined,
            "nodeType": "host",
            "props": Object {
              "onChange": [Function],
              "type": "number",
              "value": undefined,
            },
            "ref": null,
            "rendered": null,
            "type": "input",
          },
          Object {
            "instance": null,
            "key": undefined,
            "nodeType": "host",
            "props": Object {
              "children": "This game is designed for TWO to FOUR players",
            },
            "ref": null,
            "rendered": "This game is designed for TWO to FOUR players",
            "type": "h3",
          },
        ],
        "type": "nav",
      },
      "type": "div",
    },
  ],
  Symbol(enzyme.__options__): Object {
    "adapter": ReactSixteenAdapter {
      "options": Object {
        "enableComponentDidUpdateOnSetState": true,
        "lifecycles": Object {
          "componentDidUpdate": Object {
            "onSetState": true,
          },
          "getDerivedStateFromProps": true,
          "getSnapshotBeforeUpdate": true,
          "setState": Object {
            "skipsComponentDidUpdateOnNullish": true,
          },
        },
      },
    },
    "disableLifecycleMethods": true,
  },
}
`;
